// Jest Snapshot v1, https://goo.gl/fbAQLP

exports[`should Render ExpenseListItem with fixture data 1`] = `
<div>
  <Link
    to="/edit/1"
  >
    <h1>
      Gum
    </h1>
  </Link>
  <p>
    Amount: 
    $1.95
  </p>
  <p>
    Created at: 
    January 1st, 1970
  </p>
</div>
`;
