// Jest Snapshot v1, https://goo.gl/fbAQLP

exports[`shoud render Header correctly 1`] = `
<header>
  <h1>
    Expensify
  </h1>
  <NavLink
    activeClassName="is-active"
    exact={true}
    to="/"
  >
    Dash board
  </NavLink>
  <NavLink
    activeClassName="is-active"
    to="/create"
  >
    Go to Create page
  </NavLink>
</header>
`;
